$ tsx watch src/server.ts
node:internal/modules/package_json_reader:331
  throw new ERR_MODULE_NOT_FOUND(packageName, fileURLToPath(base), null);
        ^

Error [ERR_MODULE_NOT_FOUND]: Cannot find package 'express' imported from /home/jtd/workspace/hng-todo-app/server/src/server.ts
    at Object.getPackageJSONURL (node:internal/modules/package_json_reader:331:9)
    at packageResolve (node:internal/modules/esm/resolve:784:25)
    at moduleResolve (node:internal/modules/esm/resolve:873:18)
    at defaultResolve (node:internal/modules/esm/resolve:1006:11)
    at #cachedDefaultResolve (node:internal/modules/esm/loader:705:20)
    at #resolveAndMaybeBlockOnLoaderThread (node:internal/modules/esm/loader:725:38)
    at nextStep (node:internal/modules/customization_hooks:189:26)
    at resolveBaseSync (file:///home/jtd/workspace/hng-todo-app/server/node_modules/.pnpm/tsx@4.23.15/node_modules/tsx/dist/register-nyXW-TH3.mjs:2:11092)
    at resolveDirectorySync (file:///home/jtd/workspace/hng-todo-app/server/node_modules/.pnpm/tsx@4.23.15/node_modules/tsx/dist/register-nyXW-TH3.mjs:2:12398)
    at resolveTsPathsSync (file:///home/jtd/workspace/hng-todo-app/server/node_modules/.pnpm/tsx@4.23.15/node_modules/tsx/dist/register-nyXW-TH3.mjs:2:13605) {
  code: 'ERR_MODULE_NOT_FOUND'
}

Node.js v24.21.0
11:03:24 AM [tsx] change in ./src/server.ts Rerunning...
node:internal/modules/package_json_reader:331
  throw new ERR_MODULE_NOT_FOUND(packageName, fileURLToPath(base), null);
        ^

Error [ERR_MODULE_NOT_FOUND]: Cannot find package 'express' imported from /home/jtd/workspace/hng-todo-app/server/src/server.ts
    at Object.getPackageJSONURL (node:internal/modules/package_json_reader:331:9)
    at packageResolve (node:internal/modules/esm/resolve:784:25)
    at moduleResolve (node:internal/modules/esm/resolve:873:18)
    at defaultResolve (node:internal/modules/esm/resolve:1006:11)
    at #cachedDefaultResolve (node:internal/modules/esm/loader:705:20)
    at #resolveAndMaybeBlockOnLoaderThread (node:internal/modules/esm/loader:725:38)
    at nextStep (node:internal/modules/customization_hooks:189:26)
    at resolveBaseSync (file:///home/jtd/workspace/hng-todo-app/server/node_modules/.pnpm/tsx@4.23.15/node_modules/tsx/dist/register-nyXW-TH3.mjs:2:11092)
    at resolveDirectorySync (file:///home/jtd/workspace/hng-todo-app/server/node_modules/.pnpm/tsx@4.23.15/node_modules/tsx/dist/register-nyXW-TH3.mjs:2:12398)
    at resolveTsPathsSync (file:///home/jtd/workspace/hng-todo-app/server/node_modules/.pnpm/tsx@4.23.15/node_modules/tsx/dist/register-nyXW-TH3.mjs:2:13605) {
  code: 'ERR_MODULE_NOT_FOUND'
}

Node.js v24.21.0
11:09:15 AM [tsx] unlink in ./src/server.ts Rerunning...
node:internal/modules/cjs/loader:1568
  throw err;
  ^

Error: Cannot find module '/home/jtd/workspace/hng-todo-app/server/node_modules/.pnpm/tsx@4.23.15/node_modules/tsx/dist/preflight.cjs'
Require stack:
- internal/preload
    at Module._resolveFilename (node:internal/modules/cjs/loader:1564:15)
    at wrapResolveFilename (node:internal/modules/cjs/loader:1118:27)
    at defaultResolveImplForCJSLoading (node:internal/modules/cjs/loader:1142:10)
    at resolveForCJSWithHooks (node:internal/modules/cjs/loader:1169:12)
    at Module._load (node:internal/modules/cjs/loader:1341:5)
    at wrapModuleLoad (node:internal/modules/cjs/loader:261:19)
    at Module.require (node:internal/modules/cjs/loader:1674:12)
    at node:internal/modules/cjs/loader:2221:12
    at loadPreloadModules (node:internal/process/pre_execution:732:5)
    at initializeModuleLoaders (node:internal/process/pre_execution:244:5) {
  code: 'MODULE_NOT_FOUND',
  requireStack: [ 'internal/preload' ]
}

Node.js v24.21.0
